[babanaharbiotech.com/index.html]
[backblue.gif]
[fade.gif]
[index.html]
[babanaharbiotech.com/manifest.webmanifest]
[img1.wsimg.com/isteam/ip/34542978-e21c-4c02-aaed-0391ab4eee8d/WhatsApp Image 2022-10-31 at 11.07.55 PM.jpg]
[babanaharbiotech.com/sw.js]
[babanaharbiotech.com/services.html]
[babanaharbiotech.com/contact-us.html]
[babanaharbiotech.com/products.html]
[babanaharbiotech.com/m/logina8b9.html]
[babanaharbiotech.com/m/create-account.html]
[babanaharbiotech.com/m/login55d2.html]
[img1.wsimg.com/poly/v3/polyfill.min6ee5.js]
[img1.wsimg.com/blobby/go/34542978-e21c-4c02-aaed-0391ab4eee8d/gpub/bfc3a97952f0e9c2/script.js]
[connect.facebook.net/en_US/fbevents.js]
[img1.wsimg.com/blobby/go/34542978-e21c-4c02-aaed-0391ab4eee8d/gpub/bf78a6898c668ded/script.js]
[babanaharbiotech.com/index.html]
[babanaharbiotech.com/services.html]
[img1.wsimg.com/blobby/go/34542978-e21c-4c02-aaed-0391ab4eee8d/gpub/6f507177fd46d3f3/script.js]
[img1.wsimg.com/blobby/go/34542978-e21c-4c02-aaed-0391ab4eee8d/gpub/807d3c1685187e56/script.js]
[babanaharbiotech.com/contact-us.html]
[img1.wsimg.com/blobby/go/34542978-e21c-4c02-aaed-0391ab4eee8d/gpub/96c53a4ace874414/script.js]
[img1.wsimg.com/blobby/go/34542978-e21c-4c02-aaed-0391ab4eee8d/gpub/f57af3e4a323097c/script.js]
[babanaharbiotech.com/products/f.atom]
[babanaharbiotech.com/products/f.json]
[img1.wsimg.com/ceph-p3-01/website-builder-data-prod/static/widgets/UX.4.30.4.js]
[babanaharbiotech.com/products/f.rss]
[babanaharbiotech.com/products.html]
[img1.wsimg.com/blobby/go/34542978-e21c-4c02-aaed-0391ab4eee8d/gpub/d3bc99ca679cbd31/script.js]
[babanaharbiotech.com/m/login.html]
[babanaharbiotech.com/m/logina8b9.html]
[img1.wsimg.com/blobby/go/34542978-e21c-4c02-aaed-0391ab4eee8d/gpub/4ca693ea5546b651/script.js]
[img1.wsimg.com/blobby/go/34542978-e21c-4c02-aaed-0391ab4eee8d/gpub/4c481da8aef9c18/script.js]
[babanaharbiotech.com/m/create-account.html]
[babanaharbiotech.com/m/login55d2.html]
[babanaharbiotech.com/c]
[img1.wsimg.com/blobby/go/34542978-e21c-4c02-aaed-0391ab4eee8d/gpub/928d97111fa371a4/script.js]
[babanaharbiotech.com/b]
[babanaharbiotech.com/POST]
[img1.wsimg.com/blobby/go/34542978-e21c-4c02-aaed-0391ab4eee8d/gpub/74a4e10e24b53ddc/script.js]
[connect.facebook.net/en_US/fbevents.js]
[img1.wsimg.com/traffic-assets/js/tccl-tti.min.html]
[img1.wsimg.com/traffic-assets/js/tccl.min.html]
[babanaharbiotech.com/m/login.html]
[babanaharbiotech.com/c.html]
[babanaharbiotech.com/b.html]
[babanaharbiotech.com/POST.html]
[img1.wsimg.com/blobby/go/34542978-e21c-4c02-aaed-0391ab4eee8d/gpub/3f814577476c75fd/script.js]
